tile "floor" { //1
	opacity=0 //0-3, least-to-most-opaque -- warning, what about glass floors? 0 is the default.
	movement_default="allow"
	/*
		one could write this to prevent passage of entities with disallowed_flag set
		movement {
		  disallowed_flag=false
		}
	*/
	}
	fore="#FFFFFF"
	symbol='.'
}
tile "wall" { //2
	opacity=3 //0-3, least-to-most-opaque
  movement_default="deny"
	movement {
		ghost=true
	}
	/* could allow if both type a and type b are set:
	movement {
		type_a=true
		type_b=true
	}
	could allow if type a is set, but not type b:
	movement {
		type_a=true
		type_b=false
	}
	*/
	fore="#FFFFFF"
	symbol='#'
}
tile "shallow pool" { //3
  opacity=0
  movement_default="allow"
  action {
    on_enter
    grant "wet" {
      duration=60
    }
  }
  fore="#BBBBFF"
  symbol='~'
}
tile "dry passage" { //4
  opacity=0
  movement_default="deny"
  movement {
    wet=true
  }
  symbol='V'
}
tile "stairs" { //5
  opacity=3
  movement_default="allow"
  stairs
  symbol='='
}
map "cage" {
  ambient_light=8 //out of 15
  dimensions=[4, 4, 2]
	tilemap=[ //a box with no ceiling and a floor.
	  2,2,2,2,
	  2,0,0,2,
	  2,0,0,2,
	  2,2,2,2,
	  
	  2,2,2,2,
	  2,1,1,2,
	  2,1,1,2,
	  2,2,2,2
	]
}
